[INFO] Scanning for projects...
[INFO] Loaded 24037 auto-discovered prefixes for remote repository central (prefixes-central.txt)
[INFO] 
[INFO] -----------------------< com.rhythm:rhythm-los >------------------------
[INFO] Building Rhythm LOS 0.1.0
[INFO]   from pom.xml
[INFO] --------------------------------[ jar ]---------------------------------
[INFO] Loaded 74 auto-discovered prefixes for remote repository apache.snapshots (prefixes-apache.snapshots.txt)
[INFO] Loaded 24037 auto-discovered prefixes for remote repository maven-central (prefixes-maven-central.txt)
[WARNING] Could not transfer metadata /.meta/prefixes.txt from/to flyway-community-db-support (https://maven.pkg.github.com/flyway/flyway-community-db-support): HTTP Status: 401
[INFO] 
[INFO] --- resources:3.3.1:resources (default-resources) @ rhythm-los ---
[INFO] Copying 1 resource from src/main/resources to target/classes
[INFO] Copying 19 resources from src/main/resources to target/classes
[INFO] 
[INFO] --- compiler:3.14.0:compile (default-compile) @ rhythm-los ---
[INFO] Recompiling the module because of changed source code.
[INFO] Compiling 83 source files with javac [debug parameters release 21] to target/classes
[INFO] 
[INFO] --- resources:3.3.1:testResources (default-testResources) @ rhythm-los ---
[INFO] Copying 1 resource from src/test/resources to target/test-classes
[INFO] 
[INFO] --- compiler:3.14.0:testCompile (default-testCompile) @ rhythm-los ---
[INFO] Recompiling the module because of changed dependency.
[INFO] Compiling 4 source files with javac [debug parameters release 21] to target/test-classes
[INFO] 
[INFO] --- surefire:3.5.4:test (default-test) @ rhythm-los ---
[INFO] Using auto detected provider org.apache.maven.surefire.junitplatform.JUnitPlatformProvider
[INFO] 
[INFO] -------------------------------------------------------
[INFO]  T E S T S
[INFO] -------------------------------------------------------
[INFO] Running com.rhythm.los.engine.UnderwritingEngineTest
[INFO] Tests run: 5, Failures: 0, Errors: 0, Skipped: 0, Time elapsed: 0.297 s -- in com.rhythm.los.engine.UnderwritingEngineTest
[INFO] Running com.rhythm.los.engine.KfsAndStateMachineTest
[INFO] Tests run: 3, Failures: 0, Errors: 0, Skipped: 0, Time elapsed: 0.013 s -- in com.rhythm.los.engine.KfsAndStateMachineTest
[INFO] 
[INFO] Results:
[INFO] 
[INFO] Tests run: 8, Failures: 0, Errors: 0, Skipped: 0
[INFO] 
[INFO] 
[INFO] --- jar:3.4.2:jar (default-jar) @ rhythm-los ---
[INFO] Building jar: /home/runner/work/AI-ML-LOS/AI-ML-LOS/backend/target/rhythm-los-0.1.0.jar
[INFO] 
[INFO] --- spring-boot:3.5.6:repackage (repackage) @ rhythm-los ---
[INFO] Loaded 50 auto-discovered prefixes for remote repository ow2-snapshot (prefixes-ow2-snapshot.txt)
[INFO] Replacing main artifact /home/runner/work/AI-ML-LOS/AI-ML-LOS/backend/target/rhythm-los-0.1.0.jar with repackaged archive, adding nested dependencies in BOOT-INF/.
[INFO] The original artifact has been renamed to /home/runner/work/AI-ML-LOS/AI-ML-LOS/backend/target/rhythm-los-0.1.0.jar.original
[INFO] 
[INFO] --- failsafe:3.5.4:integration-test (default) @ rhythm-los ---
[INFO] Using auto detected provider org.apache.maven.surefire.junitplatform.JUnitPlatformProvider
[INFO] 
[INFO] -------------------------------------------------------
[INFO]  T E S T S
[INFO] -------------------------------------------------------
[INFO] Running com.rhythm.los.it.DocumentAiIT
12:07:22.955 [main] INFO org.testcontainers.images.PullPolicy -- Image pull policy will be performed by: DefaultPullPolicy()
12:07:22.958 [main] INFO org.testcontainers.utility.ImageNameSubstitutor -- Image name substitution will be performed by: DefaultImageNameSubstitutor (composite of 'ConfigurationFileImageNameSubstitutor' and 'PrefixingImageNameSubstitutor')
12:07:22.979 [main] INFO org.testcontainers.DockerClientFactory -- Testcontainers version: 1.21.3
12:07:23.382 [main] INFO org.testcontainers.dockerclient.DockerClientProviderStrategy -- Found Docker environment with local Unix socket (unix:///var/run/docker.sock)
12:07:23.390 [main] INFO org.testcontainers.DockerClientFactory -- Docker host IP address is localhost
12:07:23.401 [main] INFO org.testcontainers.DockerClientFactory -- Connected to docker: 
  Server Version: 28.0.4
  API Version: 1.48
  Operating System: Ubuntu 24.04.5 LTS
  Total Memory: 15988 MB
12:07:23.421 [main] INFO tc.testcontainers/ryuk:0.12.0 -- Pulling docker image: testcontainers/ryuk:0.12.0. Please be patient; this may take some time but only needs to be done once.
12:07:24.671 [docker-java-stream--155517570] INFO tc.testcontainers/ryuk:0.12.0 -- Starting to pull image
12:07:24.687 [docker-java-stream--155517570] INFO tc.testcontainers/ryuk:0.12.0 -- Pulling image layers:  0 pending,  0 downloaded,  0 extracted, (0 bytes/0 bytes)
12:07:25.089 [docker-java-stream--155517570] INFO tc.testcontainers/ryuk:0.12.0 -- Pulling image layers:  2 pending,  1 downloaded,  0 extracted, (906 KB/? MB)
12:07:25.101 [docker-java-stream--155517570] INFO tc.testcontainers/ryuk:0.12.0 -- Pulling image layers:  1 pending,  2 downloaded,  0 extracted, (923 KB/? MB)
12:07:25.183 [docker-java-stream--155517570] INFO tc.testcontainers/ryuk:0.12.0 -- Pulling image layers:  1 pending,  2 downloaded,  1 extracted, (4 MB/? MB)
12:07:26.174 [docker-java-stream--155517570] INFO tc.testcontainers/ryuk:0.12.0 -- Pulling image layers:  1 pending,  2 downloaded,  2 extracted, (4 MB/? MB)
12:07:26.239 [docker-java-stream--155517570] INFO tc.testcontainers/ryuk:0.12.0 -- Pulling image layers:  1 pending,  2 downloaded,  3 extracted, (11 MB/? MB)
12:07:26.250 [docker-java-stream--155517570] INFO tc.testcontainers/ryuk:0.12.0 -- Pull complete. 3 layers, pulled in 1s (downloaded 11 MB at 11 MB/s)
12:07:26.250 [main] INFO tc.testcontainers/ryuk:0.12.0 -- Image testcontainers/ryuk:0.12.0 pull took PT2.829100593S
12:07:26.267 [main] INFO tc.testcontainers/ryuk:0.12.0 -- Creating container for image: testcontainers/ryuk:0.12.0
12:07:26.332 [main] INFO tc.testcontainers/ryuk:0.12.0 -- Container testcontainers/ryuk:0.12.0 is starting: 75e587ee55dfd41c954676708c64b6819a51cae5c0e05b581d7537f1796320b7
12:07:27.128 [main] INFO tc.testcontainers/ryuk:0.12.0 -- Container testcontainers/ryuk:0.12.0 started in PT0.861530333S
12:07:27.132 [main] INFO org.testcontainers.utility.RyukResourceReaper -- Ryuk started - will monitor and terminate Testcontainers containers on JVM exit
12:07:27.132 [main] INFO org.testcontainers.DockerClientFactory -- Checking the system...
12:07:27.132 [main] INFO org.testcontainers.DockerClientFactory -- ✔︎ Docker server version should be at least 1.6.0
12:07:27.134 [main] INFO tc.postgres:16-alpine -- Pulling docker image: postgres:16-alpine. Please be patient; this may take some time but only needs to be done once.
12:07:28.001 [docker-java-stream-1987595545] INFO tc.postgres:16-alpine -- Starting to pull image
12:07:28.002 [docker-java-stream-1987595545] INFO tc.postgres:16-alpine -- Pulling image layers:  0 pending,  0 downloaded,  0 extracted, (0 bytes/0 bytes)
12:07:28.415 [docker-java-stream-1987595545] INFO tc.postgres:16-alpine -- Pulling image layers: 10 pending,  1 downloaded,  0 extracted, (15 KB/? MB)
12:07:28.418 [docker-java-stream-1987595545] INFO tc.postgres:16-alpine -- Pulling image layers:  9 pending,  2 downloaded,  0 extracted, (16 KB/? MB)
12:07:28.470 [docker-java-stream-1987595545] INFO tc.postgres:16-alpine -- Pulling image layers:  9 pending,  2 downloaded,  1 extracted, (16 KB/? MB)
12:07:28.540 [docker-java-stream-1987595545] INFO tc.postgres:16-alpine -- Pulling image layers:  9 pending,  2 downloaded,  2 extracted, (881 KB/? MB)
12:07:28.552 [docker-java-stream-1987595545] INFO tc.postgres:16-alpine -- Pulling image layers:  9 pending,  2 downloaded,  3 extracted, (881 KB/? MB)
12:07:28.587 [docker-java-stream-1987595545] INFO tc.postgres:16-alpine -- Pulling image layers:  8 pending,  3 downloaded,  3 extracted, (881 KB/? MB)
12:07:28.596 [docker-java-stream-1987595545] INFO tc.postgres:16-alpine -- Pulling image layers:  8 pending,  3 downloaded,  4 extracted, (1 MB/? MB)
12:07:28.605 [docker-java-stream-1987595545] INFO tc.postgres:16-alpine -- Pulling image layers:  7 pending,  4 downloaded,  4 extracted, (1 MB/? MB)
12:07:28.754 [docker-java-stream-1987595545] INFO tc.postgres:16-alpine -- Pulling image layers:  6 pending,  5 downloaded,  4 extracted, (43 MB/? MB)
12:07:28.773 [docker-java-stream-1987595545] INFO tc.postgres:16-alpine -- Pulling image layers:  5 pending,  6 downloaded,  4 extracted, (43 MB/? MB)
12:07:28.847 [docker-java-stream-1987595545] INFO tc.postgres:16-alpine -- Pulling image layers:  4 pending,  7 downloaded,  4 extracted, (86 MB/? MB)
12:07:28.924 [docker-java-stream-1987595545] INFO tc.postgres:16-alpine -- Pulling image layers:  3 pending,  8 downloaded,  4 extracted, (86 MB/? MB)
12:07:28.950 [docker-java-stream-1987595545] INFO tc.postgres:16-alpine -- Pulling image layers:  2 pending,  9 downloaded,  4 extracted, (86 MB/? MB)
12:07:32.181 [docker-java-stream-1987595545] INFO tc.postgres:16-alpine -- Pulling image layers:  2 pending,  9 downloaded,  5 extracted, (107 MB/? MB)
12:07:32.192 [docker-java-stream-1987595545] INFO tc.postgres:16-alpine -- Pulling image layers:  2 pending,  9 downloaded,  6 extracted, (107 MB/? MB)
12:07:32.208 [docker-java-stream-1987595545] INFO tc.postgres:16-alpine -- Pulling image layers:  2 pending,  9 downloaded,  7 extracted, (107 MB/? MB)
12:07:32.216 [docker-java-stream-1987595545] INFO tc.postgres:16-alpine -- Pulling image layers:  2 pending,  9 downloaded,  8 extracted, (107 MB/? MB)
12:07:32.223 [docker-java-stream-1987595545] INFO tc.postgres:16-alpine -- Pulling image layers:  2 pending,  9 downloaded,  9 extracted, (107 MB/? MB)
12:07:32.230 [docker-java-stream-1987595545] INFO tc.postgres:16-alpine -- Pulling image layers:  2 pending,  9 downloaded, 10 extracted, (107 MB/? MB)
12:07:32.242 [docker-java-stream-1987595545] INFO tc.postgres:16-alpine -- Pull complete. 11 layers, pulled in 4s (downloaded 107 MB at 26 MB/s)
12:07:32.242 [main] INFO tc.postgres:16-alpine -- Image postgres:16-alpine pull took PT5.1073009S
12:07:32.318 [main] INFO org.springframework.boot.test.context.SpringBootTestContextBootstrapper -- Found @SpringBootConfiguration com.rhythm.los.LosApplication for test class com.rhythm.los.it.DocumentAiIT
12:07:32.393 [main] INFO tc.postgres:16-alpine -- Creating container for image: postgres:16-alpine
12:07:32.406 [main] INFO tc.postgres:16-alpine -- Container postgres:16-alpine is starting: 8dfed9f4dbee0c5104537d08aec8c7917ca50870ff4200638652baa9363f0c89
12:07:34.021 [main] INFO tc.postgres:16-alpine -- Container postgres:16-alpine started in PT1.627888146S
12:07:34.022 [main] INFO tc.postgres:16-alpine -- Container is started (JDBC URL: jdbc:postgresql://localhost:32769/test?loggerLevel=OFF)

  .   ____          _            __ _ _
 /\\ / ___'_ __ _ _(_)_ __  __ _ \ \ \ \
( ( )\___ | '_ | '_| | '_ \/ _` | \ \ \ \
 \\/  ___)| |_)| | | | | || (_| |  ) ) ) )
  '  |____| .__|_| |_|_| |_\__, | / / / /
 =========|_|==============|___/=/_/_/_/

 :: Spring Boot ::                (v3.5.6)

2026-10-09T12:07:34.315Z  INFO 2240 --- [rhythm-los] [           main] com.rhythm.los.it.DocumentAiIT           : Starting DocumentAiIT using Java 21.0.12.1 with PID 2240 (started by runner in /home/runner/work/AI-ML-LOS/AI-ML-LOS/backend)
2026-10-09T12:07:34.316Z  INFO 2240 --- [rhythm-los] [           main] com.rhythm.los.it.DocumentAiIT           : No active profile set, falling back to 1 default profile: "default"
2026-10-09T12:07:35.291Z  INFO 2240 --- [rhythm-los] [           main] .s.d.r.c.RepositoryConfigurationDelegate : Bootstrapping Spring Data JPA repositories in DEFAULT mode.
2026-10-09T12:07:35.354Z  INFO 2240 --- [rhythm-los] [           main] .s.d.r.c.RepositoryConfigurationDelegate : Finished Spring Data repository scanning in 54 ms. Found 14 JPA repository interfaces.
2026-10-09T12:07:36.061Z  INFO 2240 --- [rhythm-los] [           main] org.flywaydb.core.FlywayExecutor         : Database: jdbc:postgresql://localhost:32769/test?loggerLevel=OFF (PostgreSQL 16.15)
2026-10-09T12:07:36.094Z  INFO 2240 --- [rhythm-los] [           main] o.f.c.i.s.JdbcTableSchemaHistory         : Schema history table "public"."flyway_schema_history" does not exist yet
2026-10-09T12:07:36.097Z  INFO 2240 --- [rhythm-los] [           main] o.f.core.internal.command.DbValidate     : Successfully validated 3 migrations (execution time 00:00.014s)
2026-10-09T12:07:36.112Z  INFO 2240 --- [rhythm-los] [           main] o.f.c.i.s.JdbcTableSchemaHistory         : Creating Schema History table "public"."flyway_schema_history" ...
2026-10-09T12:07:36.156Z  INFO 2240 --- [rhythm-los] [           main] o.f.core.internal.command.DbMigrate      : Current version of schema "public": << Empty Schema >>
2026-10-09T12:07:36.176Z  INFO 2240 --- [rhythm-los] [           main] o.f.core.internal.command.DbMigrate      : Migrating schema "public" to version "1 - schema"
2026-10-09T12:07:36.252Z  INFO 2240 --- [rhythm-los] [           main] o.f.core.internal.command.DbMigrate      : Migrating schema "public" to version "2 - seed"
2026-10-09T12:07:36.272Z  INFO 2240 --- [rhythm-los] [           main] o.f.core.internal.command.DbMigrate      : Migrating schema "public" to version "3 - document ai"
2026-10-09T12:07:36.289Z  INFO 2240 --- [rhythm-los] [           main] o.f.core.internal.command.DbMigrate      : Successfully applied 3 migrations to schema "public", now at version v3 (execution time 00:00.081s)
2026-10-09T12:07:36.369Z  INFO 2240 --- [rhythm-los] [           main] o.hibernate.jpa.internal.util.LogHelper  : HHH000204: Processing PersistenceUnitInfo [name: default]
2026-10-09T12:07:36.413Z  INFO 2240 --- [rhythm-los] [           main] org.hibernate.Version                    : HHH000412: Hibernate ORM core version 6.6.29.Final
2026-10-09T12:07:36.434Z  INFO 2240 --- [rhythm-los] [           main] o.h.c.internal.RegionFactoryInitiator    : HHH000026: Second-level cache disabled
2026-10-09T12:07:36.633Z  INFO 2240 --- [rhythm-los] [           main] o.s.o.j.p.SpringPersistenceUnitInfo      : No LoadTimeWeaver setup: ignoring JPA class transformer
2026-10-09T12:07:36.649Z  INFO 2240 --- [rhythm-los] [           main] com.zaxxer.hikari.HikariDataSource       : HikariPool-1 - Starting...
2026-10-09T12:07:36.670Z  INFO 2240 --- [rhythm-los] [           main] com.zaxxer.hikari.pool.HikariPool        : HikariPool-1 - Added connection org.postgresql.jdbc.PgConnection@45649467
2026-10-09T12:07:36.671Z  INFO 2240 --- [rhythm-los] [           main] com.zaxxer.hikari.HikariDataSource       : HikariPool-1 - Start completed.
2026-10-09T12:07:36.711Z  INFO 2240 --- [rhythm-los] [           main] org.hibernate.orm.connections.pooling    : HHH10001005: Database info:
	Database JDBC URL [Connecting through datasource 'HikariDataSource (HikariPool-1)']
	Database driver: undefined/unknown
	Database version: 16.15
	Autocommit mode: undefined/unknown
	Isolation level: undefined/unknown
	Minimum pool size: undefined/unknown
	Maximum pool size: undefined/unknown
2026-10-09T12:07:37.494Z  INFO 2240 --- [rhythm-los] [           main] o.h.e.t.j.p.i.JtaPlatformInitiator       : HHH000489: No JTA platform available (set 'hibernate.transaction.jta.platform' to enable JTA platform integration)
2026-10-09T12:07:37.528Z  INFO 2240 --- [rhythm-los] [           main] j.LocalContainerEntityManagerFactoryBean : Initialized JPA EntityManagerFactory for persistence unit 'default'
2026-10-09T12:07:37.743Z  INFO 2240 --- [rhythm-los] [           main] o.s.d.j.r.query.QueryEnhancerFactory     : Hibernate is in classpath; If applicable, HQL parser will be used.
2026-10-09T12:07:39.162Z  INFO 2240 --- [rhythm-los] [           main] o.s.b.a.e.web.EndpointLinksResolver      : Exposing 2 endpoints beneath base path '/actuator'
2026-10-09T12:07:39.605Z  INFO 2240 --- [rhythm-los] [           main] o.s.b.t.m.w.SpringBootMockServletContext : Initializing Spring TestDispatcherServlet ''
2026-10-09T12:07:39.606Z  INFO 2240 --- [rhythm-los] [           main] o.s.t.web.servlet.TestDispatcherServlet  : Initializing Servlet ''
2026-10-09T12:07:39.606Z  INFO 2240 --- [rhythm-los] [           main] o.s.t.web.servlet.TestDispatcherServlet  : Completed initialization in 0 ms
2026-10-09T12:07:39.669Z  INFO 2240 --- [rhythm-los] [           main] com.rhythm.los.it.DocumentAiIT           : Started DocumentAiIT in 5.619 seconds (process running for 17.35)
Mockito is currently self-attaching to enable the inline-mock-maker. This will no longer work in future releases of the JDK. Please add Mockito as an agent to your build as described in Mockito's documentation: https://javadoc.io/doc/org.mockito/mockito-core/latest/org.mockito/org/mockito/Mockito.html#0.3
OpenJDK 64-Bit Server VM warning: Sharing is only supported for boot loader classes because bootstrap classpath has been appended
WARNING: A Java agent has been loaded dynamically (/home/runner/.m2/repository/net/bytebuddy/byte-buddy-agent/1.17.7/byte-buddy-agent-1.17.7.jar)
WARNING: If a serviceability tool is in use, please run with -XX:+EnableDynamicAgentLoading to hide this warning
WARNING: If a serviceability tool is not in use, please run with -Djdk.instrument.traceUsage for more information
WARNING: Dynamic loading of agents will be disallowed by default in a future release
[INFO] Tests run: 2, Failures: 0, Errors: 0, Skipped: 0, Time elapsed: 19.08 s -- in com.rhythm.los.it.DocumentAiIT
[INFO] Running com.rhythm.los.it.JourneyIT
2026-10-09T12:07:41.876Z  INFO 2240 --- [rhythm-los] [           main] t.c.s.AnnotationConfigContextLoaderUtils : Could not detect default configuration classes for test class [com.rhythm.los.it.JourneyIT]: JourneyIT does not declare any static, non-private, non-final, nested classes annotated with @Configuration.
2026-10-09T12:07:41.882Z  INFO 2240 --- [rhythm-los] [           main] .b.t.c.SpringBootTestContextBootstrapper : Found @SpringBootConfiguration com.rhythm.los.LosApplication for test class com.rhythm.los.it.JourneyIT
2026-10-09T12:07:41.884Z  INFO 2240 --- [rhythm-los] [           main] tc.postgres:16-alpine                    : Creating container for image: postgres:16-alpine
2026-10-09T12:07:41.898Z  INFO 2240 --- [rhythm-los] [           main] tc.postgres:16-alpine                    : Container postgres:16-alpine is starting: 7066c88ad36a41c4e030c97769ab2427e55d06caa8b4d613ee08fa54d35a808c
2026-10-09T12:07:43.090Z  INFO 2240 --- [rhythm-los] [           main] tc.postgres:16-alpine                    : Container postgres:16-alpine started in PT1.205907926S
2026-10-09T12:07:43.090Z  INFO 2240 --- [rhythm-los] [           main] tc.postgres:16-alpine                    : Container is started (JDBC URL: jdbc:postgresql://localhost:32770/test?loggerLevel=OFF)

  .   ____          _            __ _ _
 /\\ / ___'_ __ _ _(_)_ __  __ _ \ \ \ \
( ( )\___ | '_ | '_| | '_ \/ _` | \ \ \ \
 \\/  ___)| |_)| | | | | || (_| |  ) ) ) )
  '  |____| .__|_| |_|_| |_\__, | / / / /
 =========|_|==============|___/=/_/_/_/

 :: Spring Boot ::                (v3.5.6)

2026-10-09T12:07:43.111Z  INFO 2240 --- [rhythm-los] [           main] com.rhythm.los.it.JourneyIT              : Starting JourneyIT using Java 21.0.12.1 with PID 2240 (started by runner in /home/runner/work/AI-ML-LOS/AI-ML-LOS/backend)
2026-10-09T12:07:43.112Z  INFO 2240 --- [rhythm-los] [           main] com.rhythm.los.it.JourneyIT              : No active profile set, falling back to 1 default profile: "default"
2026-10-09T12:07:43.345Z  INFO 2240 --- [rhythm-los] [           main] .s.d.r.c.RepositoryConfigurationDelegate : Bootstrapping Spring Data JPA repositories in DEFAULT mode.
2026-10-09T12:07:43.358Z  INFO 2240 --- [rhythm-los] [           main] .s.d.r.c.RepositoryConfigurationDelegate : Finished Spring Data repository scanning in 11 ms. Found 14 JPA repository interfaces.
2026-10-09T12:07:43.452Z  INFO 2240 --- [rhythm-los] [           main] org.flywaydb.core.FlywayExecutor         : Database: jdbc:postgresql://localhost:32770/test?loggerLevel=OFF (PostgreSQL 16.15)
2026-10-09T12:07:43.463Z  INFO 2240 --- [rhythm-los] [           main] o.f.c.i.s.JdbcTableSchemaHistory         : Schema history table "public"."flyway_schema_history" does not exist yet
2026-10-09T12:07:43.464Z  INFO 2240 --- [rhythm-los] [           main] o.f.core.internal.command.DbValidate     : Successfully validated 3 migrations (execution time 00:00.005s)
2026-10-09T12:07:43.470Z  INFO 2240 --- [rhythm-los] [           main] o.f.c.i.s.JdbcTableSchemaHistory         : Creating Schema History table "public"."flyway_schema_history" ...
2026-10-09T12:07:43.487Z  INFO 2240 --- [rhythm-los] [           main] o.f.core.internal.command.DbMigrate      : Current version of schema "public": << Empty Schema >>
2026-10-09T12:07:43.493Z  INFO 2240 --- [rhythm-los] [           main] o.f.core.internal.command.DbMigrate      : Migrating schema "public" to version "1 - schema"
2026-10-09T12:07:43.555Z  INFO 2240 --- [rhythm-los] [           main] o.f.core.internal.command.DbMigrate      : Migrating schema "public" to version "2 - seed"
2026-10-09T12:07:43.568Z  INFO 2240 --- [rhythm-los] [           main] o.f.core.internal.command.DbMigrate      : Migrating schema "public" to version "3 - document ai"
2026-10-09T12:07:43.577Z  INFO 2240 --- [rhythm-los] [           main] o.f.core.internal.command.DbMigrate      : Successfully applied 3 migrations to schema "public", now at version v3 (execution time 00:00.069s)
2026-10-09T12:07:43.600Z  INFO 2240 --- [rhythm-los] [           main] o.hibernate.jpa.internal.util.LogHelper  : HHH000204: Processing PersistenceUnitInfo [name: default]
2026-10-09T12:07:43.601Z  INFO 2240 --- [rhythm-los] [           main] o.h.c.internal.RegionFactoryInitiator    : HHH000026: Second-level cache disabled
2026-10-09T12:07:43.607Z  INFO 2240 --- [rhythm-los] [           main] o.s.o.j.p.SpringPersistenceUnitInfo      : No LoadTimeWeaver setup: ignoring JPA class transformer
2026-10-09T12:07:43.608Z  INFO 2240 --- [rhythm-los] [           main] com.zaxxer.hikari.HikariDataSource       : HikariPool-2 - Starting...
2026-10-09T12:07:43.616Z  INFO 2240 --- [rhythm-los] [           main] com.zaxxer.hikari.pool.HikariPool        : HikariPool-2 - Added connection org.postgresql.jdbc.PgConnection@73e5c86e
2026-10-09T12:07:43.616Z  INFO 2240 --- [rhythm-los] [           main] com.zaxxer.hikari.HikariDataSource       : HikariPool-2 - Start completed.
2026-10-09T12:07:43.620Z  INFO 2240 --- [rhythm-los] [           main] org.hibernate.orm.connections.pooling    : HHH10001005: Database info:
	Database JDBC URL [Connecting through datasource 'HikariDataSource (HikariPool-2)']
	Database driver: undefined/unknown
	Database version: 16.15
	Autocommit mode: undefined/unknown
	Isolation level: undefined/unknown
	Minimum pool size: undefined/unknown
	Maximum pool size: undefined/unknown
2026-10-09T12:07:43.720Z  INFO 2240 --- [rhythm-los] [           main] o.h.e.t.j.p.i.JtaPlatformInitiator       : HHH000489: No JTA platform available (set 'hibernate.transaction.jta.platform' to enable JTA platform integration)
2026-10-09T12:07:43.747Z  INFO 2240 --- [rhythm-los] [           main] j.LocalContainerEntityManagerFactoryBean : Initialized JPA EntityManagerFactory for persistence unit 'default'
2026-10-09T12:07:44.113Z  INFO 2240 --- [rhythm-los] [           main] o.s.b.a.e.web.EndpointLinksResolver      : Exposing 2 endpoints beneath base path '/actuator'
2026-10-09T12:07:44.205Z  INFO 2240 --- [rhythm-los] [           main] o.s.b.t.m.w.SpringBootMockServletContext : Initializing Spring TestDispatcherServlet ''
2026-10-09T12:07:44.205Z  INFO 2240 --- [rhythm-los] [           main] o.s.t.web.servlet.TestDispatcherServlet  : Initializing Servlet ''
2026-10-09T12:07:44.206Z  INFO 2240 --- [rhythm-los] [           main] o.s.t.web.servlet.TestDispatcherServlet  : Completed initialization in 1 ms
2026-10-09T12:07:44.218Z  INFO 2240 --- [rhythm-los] [           main] com.rhythm.los.it.JourneyIT              : Started JourneyIT in 1.126 seconds (process running for 21.899)
2026-10-09T12:07:44.514Z  WARN 2240 --- [rhythm-los] [           main] c.r.los.integration.IntegrationGateway   : MOCK aa.fetch attempt 1 failed: FIP unavailable (HDFC Bank FIP down)
2026-10-09T12:07:44.516Z  WARN 2240 --- [rhythm-los] [           main] c.r.los.integration.IntegrationGateway   : MOCK aa.fetch attempt 2 failed: FIP unavailable (HDFC Bank FIP down)
2026-10-09T12:07:44.517Z  WARN 2240 --- [rhythm-los] [           main] c.r.los.integration.IntegrationGateway   : MOCK aa.fetch attempt 3 failed: FIP unavailable (HDFC Bank FIP down)
2026-10-09T12:07:45.677Z  WARN 2240 --- [rhythm-los] [           main] c.r.los.integration.IntegrationGateway   : MOCK aa.fetch attempt 1 failed: FIP response timed out after 30s
2026-10-09T12:07:45.678Z  WARN 2240 --- [rhythm-los] [           main] c.r.los.integration.IntegrationGateway   : MOCK aa.fetch attempt 2 failed: FIP response timed out after 30s
[INFO] Tests run: 8, Failures: 0, Errors: 0, Skipped: 0, Time elapsed: 5.552 s -- in com.rhythm.los.it.JourneyIT
[INFO] 
[INFO] Results:
[INFO] 
[INFO] Tests run: 10, Failures: 0, Errors: 0, Skipped: 0
[INFO] 
[INFO] 
[INFO] --- failsafe:3.5.4:verify (default) @ rhythm-los ---
[INFO] ------------------------------------------------------------------------
[INFO] BUILD SUCCESS
[INFO] ------------------------------------------------------------------------
[INFO] Total time:  33.797 s
[INFO] Finished at: 2026-10-09T12:07:47Z
[INFO] ------------------------------------------------------------------------
